
[Fri, Nov 21, 2025  4:33:28 PM] Ejecutando cancelaci贸n autom谩tica...
No hay 髍denes vencidas para cancelar.
[Fri, Nov 21, 2025  4:33:30 PM] Ejecuci贸n finalizada.
----------------------------------------
[Fri, Nov 21, 2025  4:34:25 PM] Ejecutando cancelaci贸n autom谩tica...
No hay 髍denes vencidas para cancelar.
[Fri, Nov 21, 2025  4:34:27 PM] Ejecuci贸n finalizada.
----------------------------------------
[Fri, Nov 21, 2025  4:39:27 PM] Ejecutando cancelaci贸n autom谩tica...
Orden #102 cancelada autom醫icamente.
1 髍denes canceladas correctamente.
[Fri, Nov 21, 2025  4:39:29 PM] Ejecuci贸n finalizada.
----------------------------------------
[Fri, Nov 21, 2025  4:44:30 PM] Ejecutando cancelaci贸n autom谩tica...
No hay 髍denes vencidas para cancelar.
[Fri, Nov 21, 2025  4:44:32 PM] Ejecuci贸n finalizada.
----------------------------------------
[Fri, Nov 21, 2025  4:49:33 PM] Ejecutando cancelaci贸n autom谩tica...
No hay 髍denes vencidas para cancelar.
[Fri, Nov 21, 2025  4:49:35 PM] Ejecuci贸n finalizada.
----------------------------------------
[Fri, Nov 21, 2025  4:54:35 PM] Ejecutando cancelaci贸n autom谩tica...
No hay 髍denes vencidas para cancelar.
[Fri, Nov 21, 2025  4:54:38 PM] Ejecuci贸n finalizada.
----------------------------------------
[Fri, Nov 21, 2025  4:59:38 PM] Ejecutando cancelaci贸n autom谩tica...
No hay 髍denes vencidas para cancelar.
[Fri, Nov 21, 2025  4:59:41 PM] Ejecuci贸n finalizada.
----------------------------------------
[Fri, Nov 21, 2025  5:04:41 PM] Ejecutando cancelaci贸n autom谩tica...
No hay 髍denes vencidas para cancelar.
[Fri, Nov 21, 2025  5:04:43 PM] Ejecuci贸n finalizada.
----------------------------------------
[Fri, Nov 21, 2025  5:09:43 PM] Ejecutando cancelaci贸n autom谩tica...
No hay 髍denes vencidas para cancelar.
[Fri, Nov 21, 2025  5:09:46 PM] Ejecuci贸n finalizada.
----------------------------------------
[Fri, Nov 21, 2025  5:14:46 PM] Ejecutando cancelaci贸n autom谩tica...
No hay 髍denes vencidas para cancelar.
[Fri, Nov 21, 2025  5:14:48 PM] Ejecuci贸n finalizada.
----------------------------------------
[Fri, Nov 21, 2025  5:19:48 PM] Ejecutando cancelaci贸n autom谩tica...
No hay 髍denes vencidas para cancelar.
[Fri, Nov 21, 2025  5:19:51 PM] Ejecuci贸n finalizada.
----------------------------------------
[Fri, Nov 21, 2025  5:24:51 PM] Ejecutando cancelaci贸n autom谩tica...
No hay 髍denes vencidas para cancelar.
[Fri, Nov 21, 2025  5:24:53 PM] Ejecuci贸n finalizada.
----------------------------------------
[Fri, Nov 21, 2025  5:29:53 PM] Ejecutando cancelaci贸n autom谩tica...
No hay 髍denes vencidas para cancelar.
[Fri, Nov 21, 2025  5:29:54 PM] Ejecuci贸n finalizada.
----------------------------------------
[Fri, Nov 21, 2025  5:34:54 PM] Ejecutando cancelaci贸n autom谩tica...
No hay 髍denes vencidas para cancelar.
[Fri, Nov 21, 2025  5:34:56 PM] Ejecuci贸n finalizada.
----------------------------------------
[Fri, Nov 21, 2025  5:39:56 PM] Ejecutando cancelaci贸n autom谩tica...
No hay 髍denes vencidas para cancelar.
[Fri, Nov 21, 2025  5:39:57 PM] Ejecuci贸n finalizada.
----------------------------------------
[Fri, Nov 21, 2025  5:44:57 PM] Ejecutando cancelaci贸n autom谩tica...
No hay 髍denes vencidas para cancelar.
[Fri, Nov 21, 2025  5:44:59 PM] Ejecuci贸n finalizada.
----------------------------------------
[Fri, Nov 21, 2025  5:49:59 PM] Ejecutando cancelaci贸n autom谩tica...
No hay 髍denes vencidas para cancelar.
[Fri, Nov 21, 2025  5:50:00 PM] Ejecuci贸n finalizada.
----------------------------------------
[Fri, Nov 21, 2025  5:55:00 PM] Ejecutando cancelaci贸n autom谩tica...
No hay 髍denes vencidas para cancelar.
[Fri, Nov 21, 2025  5:55:02 PM] Ejecuci贸n finalizada.
----------------------------------------
[Fri, Nov 21, 2025  6:00:02 PM] Ejecutando cancelaci贸n autom谩tica...
No hay 髍denes vencidas para cancelar.
[Fri, Nov 21, 2025  6:00:03 PM] Ejecuci贸n finalizada.
----------------------------------------
[Fri, Nov 21, 2025  6:05:03 PM] Ejecutando cancelaci贸n autom谩tica...
No hay 髍denes vencidas para cancelar.
[Fri, Nov 21, 2025  6:05:05 PM] Ejecuci贸n finalizada.
----------------------------------------
[Fri, Nov 21, 2025  6:10:05 PM] Ejecutando cancelaci贸n autom谩tica...
No hay 髍denes vencidas para cancelar.
[Fri, Nov 21, 2025  6:10:06 PM] Ejecuci贸n finalizada.
----------------------------------------
[Fri, Nov 21, 2025  6:15:06 PM] Ejecutando cancelaci贸n autom谩tica...
No hay 髍denes vencidas para cancelar.
[Fri, Nov 21, 2025  6:15:08 PM] Ejecuci贸n finalizada.
----------------------------------------
[Fri, Nov 21, 2025  6:20:08 PM] Ejecutando cancelaci贸n autom谩tica...
No hay 髍denes vencidas para cancelar.
[Fri, Nov 21, 2025  6:20:09 PM] Ejecuci贸n finalizada.
----------------------------------------
